---
source: cli/tests/render.rs
expression: text_of(terminal.backend().buffer())
---
                                                                                                    |
                   Normal                          Editing                                          |
                                                                                                    |
                   j k ↓ ↑    navigate             enter      confirm                               |
                   g gg G     start / end          esc        cancel                                |
                   ctrl+d/u   half page down/up    ← →        move caret                            |
                   a          add todo             home end   start/end of line                     |
                   e i        edit todo            ctrl+w     delete word back                      |
                   d          delete todo          ctrl+u     delete to start                       |
                   space      toggle done          delete     delete at caret                       |
                   J K        reorder todo         paste      inserted as text                      |
                   v          visual mode                                                           |
                   /          search               Search                                           |
                   u ctrl+r   undo / redo                                                           |
                   h ←        focus sidebar        type       filter todos                          |
                                                   enter      browse matches                        |
                   Visual                          j k        next/previous match                   |
                                                   esc        cancel search                         |
                   j k ↓ ↑    extend selection                                                      |
                   J K        reorder selected     Sidebar                                          |
                   d          delete selected                                                       |
                   space      toggle selected      j k ↓ ↑    navigate                              |
                   esc        exit visual          enter l →  select project                        |
                                                   a          add project                           |
                   Global                          s          add subproject                        |
                                                   e i        rename project                        |
                   \          toggle sidebar       d          delete project                        |
                   tab        switch focus         J K        reorder projects                      |
                   ?          help                 y n        answer Delete?                        |
                   q ctrl+c   quit                                                                  |
